INFO:werkzeug: * Running on http://127.0.0.1:5000 (Press CTRL+C to quit)
INFO:werkzeug: * Running on http://127.0.0.1:5000 (Press CTRL+C to quit)
INFO:root:Открытие главной страницы
INFO:werkzeug:127.0.0.1 - - [01/May/2022 23:04:39] "GET / HTTP/1.1" 200 -
INFO:werkzeug:127.0.0.1 - - [01/May/2022 23:04:39] "GET /static/style.css HTTP/1.1" 200 -
INFO:werkzeug:127.0.0.1 - - [01/May/2022 23:04:39] "[33mGET /favicon.ico HTTP/1.1[0m" 404 -
INFO:werkzeug:127.0.0.1 - - [01/May/2022 23:04:44] "[33mGET /...?s=ага HTTP/1.1[0m" 404 -
INFO:werkzeug: * Running on http://127.0.0.1:5000 (Press CTRL+C to quit)
INFO:root:Открытие главной страницы
INFO:werkzeug:127.0.0.1 - - [01/May/2022 23:07:15] "GET / HTTP/1.1" 200 -
INFO:werkzeug:127.0.0.1 - - [01/May/2022 23:07:15] "[36mGET /static/style.css HTTP/1.1[0m" 304 -
INFO:werkzeug:127.0.0.1 - - [01/May/2022 23:07:20] "[33mGET /...?s=ага HTTP/1.1[0m" 404 -
INFO:werkzeug: * Running on http://127.0.0.1:5000 (Press CTRL+C to quit)
INFO:root:Открытие главной страницы
INFO:werkzeug:127.0.0.1 - - [01/May/2022 23:16:46] "GET / HTTP/1.1" 200 -
INFO:werkzeug:127.0.0.1 - - [01/May/2022 23:16:46] "[36mGET /static/style.css HTTP/1.1[0m" 304 -
INFO:werkzeug:127.0.0.1 - - [01/May/2022 23:16:53] "[33mGET /...?s=ага HTTP/1.1[0m" 404 -
INFO:root:Открытие главной страницы
INFO:werkzeug:127.0.0.1 - - [01/May/2022 23:16:56] "GET / HTTP/1.1" 200 -
INFO:werkzeug:127.0.0.1 - - [01/May/2022 23:16:56] "[36mGET /static/style.css HTTP/1.1[0m" 304 -
INFO:root:Открытие главной страницы
INFO:werkzeug:127.0.0.1 - - [01/May/2022 23:16:58] "GET / HTTP/1.1" 200 -
INFO:werkzeug:127.0.0.1 - - [01/May/2022 23:16:58] "[36mGET /static/style.css HTTP/1.1[0m" 304 -
INFO:root:Открытие главной страницы
INFO:werkzeug:127.0.0.1 - - [01/May/2022 23:17:01] "GET / HTTP/1.1" 200 -
INFO:werkzeug:127.0.0.1 - - [01/May/2022 23:17:01] "[36mGET /static/style.css HTTP/1.1[0m" 304 -
INFO:root:Открытие главной страницы
INFO:werkzeug:127.0.0.1 - - [01/May/2022 23:17:04] "GET / HTTP/1.1" 200 -
INFO:werkzeug:127.0.0.1 - - [01/May/2022 23:17:04] "[36mGET /static/style.css HTTP/1.1[0m" 304 -
INFO:root:Открытие главной страницы
INFO:werkzeug:127.0.0.1 - - [01/May/2022 23:17:05] "GET / HTTP/1.1" 200 -
INFO:werkzeug:127.0.0.1 - - [01/May/2022 23:17:05] "[36mGET /static/style.css HTTP/1.1[0m" 304 -
INFO:root:Открытие главной страницы
INFO:werkzeug:127.0.0.1 - - [01/May/2022 23:17:06] "GET / HTTP/1.1" 200 -
INFO:werkzeug:127.0.0.1 - - [01/May/2022 23:17:06] "[36mGET /static/style.css HTTP/1.1[0m" 304 -
INFO:root:Открытие главной страницы
INFO:werkzeug:127.0.0.1 - - [01/May/2022 23:17:07] "GET / HTTP/1.1" 200 -
INFO:werkzeug:127.0.0.1 - - [01/May/2022 23:17:07] "[36mGET /static/style.css HTTP/1.1[0m" 304 -
INFO:root:Открытие главной страницы
INFO:werkzeug:127.0.0.1 - - [01/May/2022 23:17:09] "GET / HTTP/1.1" 200 -
INFO:werkzeug:127.0.0.1 - - [01/May/2022 23:17:09] "[36mGET /static/style.css HTTP/1.1[0m" 304 -
INFO:werkzeug: * Running on http://127.0.0.1:5000 (Press CTRL+C to quit)
INFO:root:Открытие главной страницы
INFO:werkzeug:127.0.0.1 - - [01/May/2022 23:20:33] "GET / HTTP/1.1" 200 -
INFO:werkzeug:127.0.0.1 - - [01/May/2022 23:20:33] "GET /static/styles/style.css HTTP/1.1" 200 -
INFO:werkzeug:127.0.0.1 - - [01/May/2022 23:20:36] "[33mGET /...?s=ага HTTP/1.1[0m" 404 -
INFO:root:Открытие главной страницы
INFO:werkzeug:127.0.0.1 - - [01/May/2022 23:20:40] "GET / HTTP/1.1" 200 -
INFO:werkzeug:127.0.0.1 - - [01/May/2022 23:20:40] "[36mGET /static/styles/style.css HTTP/1.1[0m" 304 -
INFO:root:Открытие главной страницы
INFO:werkzeug:127.0.0.1 - - [01/May/2022 23:20:41] "GET / HTTP/1.1" 200 -
INFO:werkzeug:127.0.0.1 - - [01/May/2022 23:20:41] "[36mGET /static/styles/style.css HTTP/1.1[0m" 304 -
INFO:werkzeug: * Running on http://127.0.0.1:5000 (Press CTRL+C to quit)
INFO:root:Открытие главной страницы
INFO:werkzeug:127.0.0.1 - - [01/May/2022 23:28:15] "GET / HTTP/1.1" 200 -
INFO:werkzeug:127.0.0.1 - - [01/May/2022 23:28:15] "[36mGET /static/styles/style.css HTTP/1.1[0m" 304 -
INFO:werkzeug:127.0.0.1 - - [01/May/2022 23:28:20] "[33mGET /...?s=ага HTTP/1.1[0m" 404 -
INFO:root:Открытие главной страницы
INFO:werkzeug:127.0.0.1 - - [01/May/2022 23:28:23] "GET / HTTP/1.1" 200 -
INFO:werkzeug:127.0.0.1 - - [01/May/2022 23:28:23] "[36mGET /static/styles/style.css HTTP/1.1[0m" 304 -
INFO:root:Открытие главной страницы
INFO:werkzeug:127.0.0.1 - - [01/May/2022 23:28:24] "GET / HTTP/1.1" 200 -
INFO:werkzeug:127.0.0.1 - - [01/May/2022 23:28:24] "[36mGET /static/styles/style.css HTTP/1.1[0m" 304 -
INFO:root:Открытие главной страницы
INFO:werkzeug:127.0.0.1 - - [01/May/2022 23:28:25] "GET / HTTP/1.1" 200 -
INFO:werkzeug:127.0.0.1 - - [01/May/2022 23:28:25] "[36mGET /static/styles/style.css HTTP/1.1[0m" 304 -
INFO:werkzeug: * Running on http://127.0.0.1:5000 (Press CTRL+C to quit)
INFO:root:Открытие главной страницы
INFO:werkzeug:127.0.0.1 - - [01/May/2022 23:44:41] "GET / HTTP/1.1" 200 -
INFO:werkzeug:127.0.0.1 - - [01/May/2022 23:44:41] "[36mGET /static/styles/style.css HTTP/1.1[0m" 304 -
INFO:root:Открытие главной страницы
INFO:werkzeug:127.0.0.1 - - [01/May/2022 23:44:42] "GET / HTTP/1.1" 200 -
INFO:werkzeug:127.0.0.1 - - [01/May/2022 23:44:42] "[36mGET /static/styles/style.css HTTP/1.1[0m" 304 -
INFO:werkzeug:127.0.0.1 - - [01/May/2022 23:44:52] "[33mGET /...?s=ага HTTP/1.1[0m" 404 -
INFO:werkzeug: * Running on http://127.0.0.1:5000 (Press CTRL+C to quit)
INFO:root:Открытие главной страницы
INFO:werkzeug:127.0.0.1 - - [01/May/2022 23:52:37] "GET / HTTP/1.1" 200 -
INFO:werkzeug:127.0.0.1 - - [01/May/2022 23:52:37] "[36mGET /static/styles/style.css HTTP/1.1[0m" 304 -
INFO:werkzeug:127.0.0.1 - - [01/May/2022 23:52:37] "[33mGET /favicon.ico HTTP/1.1[0m" 404 -
INFO:werkzeug:127.0.0.1 - - [01/May/2022 23:52:40] "[33mGET /...?s=ага HTTP/1.1[0m" 404 -
INFO:root:Открытие главной страницы
INFO:werkzeug:127.0.0.1 - - [01/May/2022 23:52:44] "GET / HTTP/1.1" 200 -
INFO:werkzeug:127.0.0.1 - - [01/May/2022 23:52:44] "[36mGET /static/styles/style.css HTTP/1.1[0m" 304 -
INFO:root:Открытие главной страницы
INFO:werkzeug:127.0.0.1 - - [01/May/2022 23:52:45] "GET / HTTP/1.1" 200 -
INFO:werkzeug:127.0.0.1 - - [01/May/2022 23:52:45] "[36mGET /static/styles/style.css HTTP/1.1[0m" 304 -
INFO:werkzeug: * Running on http://127.0.0.1:5000 (Press CTRL+C to quit)
INFO:werkzeug: * Running on http://127.0.0.1:5000 (Press CTRL+C to quit)
INFO:root:Открытие главной страницы
INFO:werkzeug:127.0.0.1 - - [02/May/2022 00:13:55] "GET / HTTP/1.1" 200 -
INFO:werkzeug:127.0.0.1 - - [02/May/2022 00:13:55] "[36mGET /static/styles/style.css HTTP/1.1[0m" 304 -
INFO:werkzeug:127.0.0.1 - - [02/May/2022 00:13:59] "[33mGET /...?s=ага HTTP/1.1[0m" 404 -
INFO:root:Открытие главной страницы
INFO:werkzeug:127.0.0.1 - - [02/May/2022 00:14:02] "GET / HTTP/1.1" 200 -
INFO:werkzeug:127.0.0.1 - - [02/May/2022 00:14:02] "[36mGET /static/styles/style.css HTTP/1.1[0m" 304 -
INFO:werkzeug: * Running on http://127.0.0.1:5000 (Press CTRL+C to quit)
INFO:werkzeug: * Running on http://127.0.0.1:5000 (Press CTRL+C to quit)
INFO:werkzeug: * Running on http://127.0.0.1:5000 (Press CTRL+C to quit)
INFO:root:Открытие главной страницы
INFO:werkzeug:127.0.0.1 - - [02/May/2022 00:25:09] "GET / HTTP/1.1" 200 -
INFO:werkzeug:127.0.0.1 - - [02/May/2022 00:25:09] "[36mGET /static/styles/style.css HTTP/1.1[0m" 304 -
INFO:werkzeug:127.0.0.1 - - [02/May/2022 00:25:09] "[33mGET /favicon.ico HTTP/1.1[0m" 404 -
INFO:root:Выполняется поиск
ERROR:app:Exception on /search [GET]
Traceback (most recent call last):
  File "C:\Users\pc\AppData\Local\Programs\Python\Python310\lib\site-packages\flask\app.py", line 2077, in wsgi_app
    response = self.full_dispatch_request()
  File "C:\Users\pc\AppData\Local\Programs\Python\Python310\lib\site-packages\flask\app.py", line 1525, in full_dispatch_request
    rv = self.handle_user_exception(e)
  File "C:\Users\pc\AppData\Local\Programs\Python\Python310\lib\site-packages\flask\app.py", line 1523, in full_dispatch_request
    rv = self.dispatch_request()
  File "C:\Users\pc\AppData\Local\Programs\Python\Python310\lib\site-packages\flask\app.py", line 1509, in dispatch_request
    return self.ensure_sync(self.view_functions[rule.endpoint])(**req.view_args)
  File "C:\Users\pc\Downloads\lesson12_project_source_v3-master\lesson12_project_source_v3-master\main\views.py", line 27, in search_page
    filtered_posts = search_posts_by_substring(posts, s)
  File "C:\Users\pc\Downloads\lesson12_project_source_v3-master\lesson12_project_source_v3-master\main\utils.py", line 16, in search_posts_by_substring
    if substring.lower() in posts["content"].lower():
TypeError: list indices must be integers or slices, not str
INFO:werkzeug:127.0.0.1 - - [02/May/2022 00:25:13] "[35m[1mGET /search?s=ага HTTP/1.1[0m" 500 -
INFO:werkzeug:127.0.0.1 - - [02/May/2022 00:25:22] "GET /post HTTP/1.1" 200 -
INFO:werkzeug:127.0.0.1 - - [02/May/2022 00:25:22] "[36mGET /static/styles/style.css HTTP/1.1[0m" 304 -
INFO:root:Данные не загружены, отсутствует часть данных
INFO:werkzeug:127.0.0.1 - - [02/May/2022 00:25:26] "POST /post HTTP/1.1" 200 -
INFO:werkzeug:127.0.0.1 - - [02/May/2022 00:25:27] "GET /post HTTP/1.1" 200 -
INFO:root:Выполняется поиск
ERROR:app:Exception on /search [GET]
Traceback (most recent call last):
  File "C:\Users\pc\AppData\Local\Programs\Python\Python310\lib\site-packages\flask\app.py", line 2077, in wsgi_app
    response = self.full_dispatch_request()
  File "C:\Users\pc\AppData\Local\Programs\Python\Python310\lib\site-packages\flask\app.py", line 1525, in full_dispatch_request
    rv = self.handle_user_exception(e)
  File "C:\Users\pc\AppData\Local\Programs\Python\Python310\lib\site-packages\flask\app.py", line 1523, in full_dispatch_request
    rv = self.dispatch_request()
  File "C:\Users\pc\AppData\Local\Programs\Python\Python310\lib\site-packages\flask\app.py", line 1509, in dispatch_request
    return self.ensure_sync(self.view_functions[rule.endpoint])(**req.view_args)
  File "C:\Users\pc\Downloads\lesson12_project_source_v3-master\lesson12_project_source_v3-master\main\views.py", line 27, in search_page
    filtered_posts = search_posts_by_substring(posts, s)
  File "C:\Users\pc\Downloads\lesson12_project_source_v3-master\lesson12_project_source_v3-master\main\utils.py", line 16, in search_posts_by_substring
    if substring.lower() in posts["content"].lower():
TypeError: list indices must be integers or slices, not str
INFO:werkzeug:127.0.0.1 - - [02/May/2022 00:25:36] "[35m[1mGET /search?s=утром HTTP/1.1[0m" 500 -
INFO:werkzeug: * Running on http://127.0.0.1:5000 (Press CTRL+C to quit)
INFO:root:Открытие главной страницы
INFO:werkzeug:127.0.0.1 - - [02/May/2022 00:31:21] "GET / HTTP/1.1" 200 -
INFO:werkzeug:127.0.0.1 - - [02/May/2022 00:31:21] "[36mGET /static/styles/style.css HTTP/1.1[0m" 304 -
INFO:root:Открытие главной страницы
INFO:werkzeug:127.0.0.1 - - [02/May/2022 00:31:31] "GET / HTTP/1.1" 200 -
INFO:werkzeug:127.0.0.1 - - [02/May/2022 00:31:31] "[36mGET /static/styles/style.css HTTP/1.1[0m" 304 -
INFO:werkzeug:127.0.0.1 - - [02/May/2022 00:31:37] "[33mGET /sears HTTP/1.1[0m" 404 -
INFO:werkzeug:127.0.0.1 - - [02/May/2022 00:31:47] "[33mGET /search/d HTTP/1.1[0m" 404 -
INFO:werkzeug: * Running on http://127.0.0.1:5000 (Press CTRL+C to quit)
INFO:root:Открытие главной страницы
INFO:werkzeug:127.0.0.1 - - [02/May/2022 00:39:33] "GET / HTTP/1.1" 200 -
INFO:werkzeug:127.0.0.1 - - [02/May/2022 00:39:33] "[36mGET /static/styles/style.css HTTP/1.1[0m" 304 -
INFO:root:Выполняется поиск
ERROR:app:Exception on /search [GET]
Traceback (most recent call last):
  File "C:\Users\pc\Downloads\lesson12_project_source_v3-master\lesson12_project_source_v3-master\main\utils.py", line 7, in load_json_data
    with open(path, 'r', encoding="UTF-8") as file:
FileNotFoundError: [Errno 2] No such file or directory: 'ага'

During handling of the above exception, another exception occurred:

Traceback (most recent call last):
  File "C:\Users\pc\AppData\Local\Programs\Python\Python310\lib\site-packages\flask\app.py", line 2077, in wsgi_app
    response = self.full_dispatch_request()
  File "C:\Users\pc\AppData\Local\Programs\Python\Python310\lib\site-packages\flask\app.py", line 1525, in full_dispatch_request
    rv = self.handle_user_exception(e)
  File "C:\Users\pc\AppData\Local\Programs\Python\Python310\lib\site-packages\flask\app.py", line 1523, in full_dispatch_request
    rv = self.dispatch_request()
  File "C:\Users\pc\AppData\Local\Programs\Python\Python310\lib\site-packages\flask\app.py", line 1509, in dispatch_request
    return self.ensure_sync(self.view_functions[rule.endpoint])(**req.view_args)
  File "C:\Users\pc\Downloads\lesson12_project_source_v3-master\lesson12_project_source_v3-master\main\views.py", line 27, in search_page
    filtered_posts = search_posts_by_substring(posts, s)
  File "C:\Users\pc\Downloads\lesson12_project_source_v3-master\lesson12_project_source_v3-master\main\utils.py", line 14, in search_posts_by_substring
    posts = load_json_data(path)
  File "C:\Users\pc\Downloads\lesson12_project_source_v3-master\lesson12_project_source_v3-master\main\utils.py", line 10, in load_json_data
    raise DataJsonError
exceptions.DataJsonError
INFO:werkzeug:127.0.0.1 - - [02/May/2022 00:39:36] "[35m[1mGET /search?s=ага HTTP/1.1[0m" 500 -
INFO:werkzeug: * Running on http://127.0.0.1:5000 (Press CTRL+C to quit)
INFO:root:Открытие главной страницы
INFO:werkzeug:127.0.0.1 - - [02/May/2022 00:42:59] "GET / HTTP/1.1" 200 -
INFO:werkzeug:127.0.0.1 - - [02/May/2022 00:42:59] "[36mGET /static/styles/style.css HTTP/1.1[0m" 304 -
INFO:root:Выполняется поиск
INFO:werkzeug:127.0.0.1 - - [02/May/2022 00:43:02] "GET /search?s=ага HTTP/1.1" 200 -
INFO:werkzeug:127.0.0.1 - - [02/May/2022 00:43:02] "[36mGET /static/styles/style.css HTTP/1.1[0m" 304 -
INFO:root:Открытие главной страницы
INFO:werkzeug:127.0.0.1 - - [02/May/2022 00:43:05] "GET / HTTP/1.1" 200 -
INFO:werkzeug:127.0.0.1 - - [02/May/2022 00:43:05] "[36mGET /static/styles/style.css HTTP/1.1[0m" 304 -
INFO:root:Выполняется поиск
INFO:werkzeug:127.0.0.1 - - [02/May/2022 00:43:11] "GET /search?s=утром HTTP/1.1" 200 -
INFO:werkzeug:127.0.0.1 - - [02/May/2022 00:43:11] "[36mGET /static/styles/style.css HTTP/1.1[0m" 304 -
INFO:root:Открытие главной страницы
INFO:werkzeug:127.0.0.1 - - [02/May/2022 00:43:14] "GET / HTTP/1.1" 200 -
INFO:werkzeug:127.0.0.1 - - [02/May/2022 00:43:14] "[36mGET /static/styles/style.css HTTP/1.1[0m" 304 -
INFO:werkzeug:127.0.0.1 - - [02/May/2022 00:43:16] "GET /post HTTP/1.1" 200 -
INFO:werkzeug:127.0.0.1 - - [02/May/2022 00:43:16] "[36mGET /static/styles/style.css HTTP/1.1[0m" 304 -
ERROR:app:Exception on /post [POST]
Traceback (most recent call last):
  File "C:\Users\pc\AppData\Local\Programs\Python\Python310\lib\site-packages\flask\app.py", line 2077, in wsgi_app
    response = self.full_dispatch_request()
  File "C:\Users\pc\AppData\Local\Programs\Python\Python310\lib\site-packages\flask\app.py", line 1525, in full_dispatch_request
    rv = self.handle_user_exception(e)
  File "C:\Users\pc\AppData\Local\Programs\Python\Python310\lib\site-packages\flask\app.py", line 1523, in full_dispatch_request
    rv = self.dispatch_request()
  File "C:\Users\pc\AppData\Local\Programs\Python\Python310\lib\site-packages\flask\app.py", line 1509, in dispatch_request
    return self.ensure_sync(self.view_functions[rule.endpoint])(**req.view_args)
  File "C:\Users\pc\Downloads\lesson12_project_source_v3-master\lesson12_project_source_v3-master\loader\views.py", line 30, in create_new_post_by_user
    add_post(posts, new_post)
  File "C:\Users\pc\Downloads\lesson12_project_source_v3-master\lesson12_project_source_v3-master\loader\utils.py", line 19, in add_post
    with open(POST_PATH, "w", ensure_ascii=False) as file:
TypeError: 'ensure_ascii' is an invalid keyword argument for open()
INFO:werkzeug:127.0.0.1 - - [02/May/2022 00:44:20] "[35m[1mPOST /post HTTP/1.1[0m" 500 -
INFO:werkzeug: * Running on http://127.0.0.1:5000 (Press CTRL+C to quit)
INFO:root:Открытие главной страницы
INFO:werkzeug:127.0.0.1 - - [02/May/2022 00:45:33] "GET / HTTP/1.1" 200 -
INFO:werkzeug:127.0.0.1 - - [02/May/2022 00:45:33] "[36mGET /static/styles/style.css HTTP/1.1[0m" 304 -
INFO:werkzeug:127.0.0.1 - - [02/May/2022 00:45:35] "GET /post HTTP/1.1" 200 -
INFO:werkzeug:127.0.0.1 - - [02/May/2022 00:45:35] "[36mGET /static/styles/style.css HTTP/1.1[0m" 304 -
INFO:werkzeug:127.0.0.1 - - [02/May/2022 00:45:47] "POST /post HTTP/1.1" 200 -
INFO:werkzeug:127.0.0.1 - - [02/May/2022 00:45:47] "GET /uploads/images/photo_2022-04-22_21-52-07.jpg HTTP/1.1" 200 -
INFO:werkzeug:127.0.0.1 - - [02/May/2022 00:45:47] "[36mGET /static/styles/style.css HTTP/1.1[0m" 304 -
INFO:werkzeug:127.0.0.1 - - [02/May/2022 00:45:52] "GET /post HTTP/1.1" 200 -
INFO:werkzeug:127.0.0.1 - - [02/May/2022 00:45:52] "[36mGET /static/styles/style.css HTTP/1.1[0m" 304 -
